Microchip MPLAB XC8 Compiler V2.41

Linker command line:

\
  --edf=C:/Program Files/Microchip/MPLABX/v6.15/packs/Microchip/PIC18F-K_DFP/1.11.281/xc8\pic\dat\20230721151103_en.msgs \
  -cn -h+dist/Mini_board_config/debug\Lab4_RockSawyer.X.debug.sym \
  --cmf=dist/Mini_board_config/debug\Lab4_RockSawyer.X.debug.cmf -z \
  -Q18F45K20 -oC:\Users\Rock\AppData\Local\Temp\xcCscs8.2\driver_tmp_3.o \
  --defsym=__MPLAB_BUILD=1 --fixupoverflow=error \
  -Mdist/Mini_board_config/debug/Lab4_RockSawyer.X.debug.map \
  --md=C:\Users\Rock\AppData\Local\Temp\xcCscs8.2\driver_tmp_0.dat -E1 \
  -ver=XC8 Compiler --acfsm=1493 -ACODE=00h-07DBFh -ACONST=00h-07DBFh \
  -ASMALLCONST=0600h-06FFhx119,07D00h-07DBFh -AMEDIUMCONST=0600h-07DBFh \
  -ACOMRAM=01h-05Fh -AABS1=00h-05F3h -ABIGRAM=01h-05F3h \
  -ARAM=060h-0FFh,0100h-01FFhx4,0500h-05F3h -ABANK0=060h-0FFh \
  -ABANK1=0100h-01FFh -ABANK2=0200h-02FFh -ABANK3=0300h-03FFh \
  -ABANK4=0400h-04FFh -ABANK5=0500h-05F3h \
  -ASFR=0F60h-0F9Bh,0F9Dh-0FD3h,0FD5h-0FDAh,0FE0h-0FE2h,0FE8h-0FEAh,0FF0h-0FFCh \
  -ABIGSFR=0F60h-0F9Bh,0F9Dh-0FD3h,0FD5h-0FDAh,0FE0h-0FE2h,0FE8h-0FEAh,0FF0h-0FFCh \
  -ACONFIG=0300000h-030000Dh -AIDLOC=0200000h-0200007h \
  -AEEDATA=0F00000h-0F000FFh -peeprom_data=EEDATA \
  -preset_vec=00h,intcode,intcodelo,powerup,init -pramtop=0600h \
  -psmallconst=SMALLCONST -pmediumconst=MEDIUMCONST -pconst=CONST \
  -AFARRAM=00h-00h \
  -prdata=COMRAM,nvrram=COMRAM,nvbit=COMRAM,rbss=COMRAM,rbit=COMRAM \
  -pfarbss=FARRAM,fardata=FARRAM,nvFARRAM=FARRAM \
  -pintsave_regs=BIGRAM,bigbss=BIGRAM,bigdata=BIGRAM -pbss=RAM \
  -pidata=CODE,irdata=CODE,ibigdata=CODE,ifardata=CODE -pparam0=BANK0 \
  C:\Users\Rock\AppData\Local\Temp\xcCscs8.2\driver_tmp_9.o \
  dist/Mini_board_config/debug\Lab4_RockSawyer.X.debug.o 

Object code version is 3.11

Machine type is 18F45K20



                Name                               Link     Load   Length Selector   Space Scale
C:\Users\Rock\AppData\Local\Temp\xcCscs8.2\driver_tmp_9.o
                idloc                            200000   200000        8        0       5
                config                           300000   300000        E        0       4
                init                                  0        0        4        0       0
dist/Mini_board_config/debug\Lab4_RockSawyer.X.debug.o
                idloc                            200000   200000        8        0       5
                config                           300000   300000        E        0       4
                text23                             75F8     75F8       1E     3AFC       0
                text22                             759E     759E        E     3ACF       0
                text21                             7B42     7B42       B2     3DA1       0
                text20                             7616     7616       28     3B0B       0
                text19                             7588     7588        6     3AC4       0
                text18                             7776     7776       42     3BBB       0
                text17                             75DC     75DC       1C     3AEE       0
                text16                             758E     758E        8     3AC7       0
                text15                             795A     795A       6C     3CAD       0
                text14                             76C8     76C8       34     3B64       0
                text13                             7846     7846       54     3C23       0
                text12                             7A32     7A32       72     3D19       0
                text11                             79C6     79C6       6C     3CE3       0
                text10                             789A     789A       56     3C4D       0
                text9                              76FC     76FC       3A     3B7E       0
                text8                              7BF4     7BF4      1CC     3DFA       0
                text7                              75AC     75AC       18     3AD6       0
                text6                              75C4     75C4       18     3AE2       0
                text5                              77FE     77FE       48     3BFF       0
                text4                              7596     7596        8     3ACB       0
                text3                              7AA4     7AA4       9E     3D52       0
                text2                              78F0     78F0       6A     3C78       0
                text1                              763E     763E       28     3B1F       0
                text0                              7666     7666       30     3B33       0
                cstackBANK0                          60       60       49       60       1
                cstackBANK1                         100      100       AC      100       1
                dataBANK1                           1AC      1AC       40      100       1
                dataBANK0                            A9       A9       31       60       1
                cinit                              77B8     77B8       46     3BDC       0
                idataBANK1                         7736     7736       40     7736       0
                idataBANK0                         7697     7697       31     7697       0

TOTAL           Name                               Link     Load   Length     Space
        CLASS   CODE           
                init                                  0        0        4         0
                text23                             75F8     75F8       1E         0
                text22                             759E     759E        E         0
                text21                             7B42     7B42       B2         0
                text20                             7616     7616       28         0
                text19                             7588     7588        6         0
                text18                             7776     7776       42         0
                text17                             75DC     75DC       1C         0
                text16                             758E     758E        8         0
                text15                             795A     795A       6C         0
                text14                             76C8     76C8       34         0
                text13                             7846     7846       54         0
                text12                             7A32     7A32       72         0
                text11                             79C6     79C6       6C         0
                text10                             789A     789A       56         0
                text9                              76FC     76FC       3A         0
                text8                              7BF4     7BF4      1CC         0
                text7                              75AC     75AC       18         0
                text6                              75C4     75C4       18         0
                text5                              77FE     77FE       48         0
                text4                              7596     7596        8         0
                text3                              7AA4     7AA4       9E         0
                text2                              78F0     78F0       6A         0
                text1                              763E     763E       28         0
                text0                              7666     7666       30         0
                cinit                              77B8     77B8       46         0
                idataBANK1                         7736     7736       40         0
                idataBANK0                         7697     7697       31         0

        CLASS   CONST          

        CLASS   SMALLCONST     

        CLASS   MEDIUMCONST    

        CLASS   COMRAM         

        CLASS   ABS1           

        CLASS   BIGRAM         

        CLASS   RAM            

        CLASS   BANK0          
                cstackBANK0                          60       60       49         1
                dataBANK0                            A9       A9       31         1

        CLASS   BANK1          
                cstackBANK1                         100      100       AC         1
                dataBANK1                           1AC      1AC       40         1

        CLASS   BANK2          

        CLASS   BANK3          

        CLASS   BANK4          

        CLASS   BANK5          

        CLASS   SFR            

        CLASS   BIGSFR         

        CLASS   CONFIG         
                config                           300000   300000        E         4

        CLASS   IDLOC          
                idloc                            200000   200000        8         5

        CLASS   EEDATA         

        CLASS   FARRAM         

        CLASS   HEAP           

        CLASS   STACK          



SEGMENTS        Name                           Load    Length   Top    Selector   Space  Class

                reset_vec                      000000  000004  000004         0       0  CODE    
                cstackBANK0                    000060  00007A  0000DA        60       1  BANK0   
                cstackBANK1                    000100  0000EC  0001EC       100       1  BANK1   
                text19                         007588  000006  00758E      3AC4       0  CODE    
                text16                         00758E  000008  007596      3AC7       0  CODE    
                text4                          007596  000008  00759E      3ACB       0  CODE    
                text22                         00759E  00000E  0075AC      3ACF       0  CODE    
                text7                          0075AC  000018  0075C4      3AD6       0  CODE    
                text6                          0075C4  000018  0075DC      3AE2       0  CODE    
                text17                         0075DC  00001C  0075F8      3AEE       0  CODE    
                text23                         0075F8  00001E  007616      3AFC       0  CODE    
                text20                         007616  000028  00763E      3B0B       0  CODE    
                text1                          00763E  000028  007666      3B1F       0  CODE    
                text0                          007666  000030  007696      3B33       0  CODE    
                idataBANK0                     007697  000031  0076C8      7697       0  CODE    
                text14                         0076C8  000034  0076FC      3B64       0  CODE    
                text9                          0076FC  00003A  007736      3B7E       0  CODE    
                idataBANK1                     007736  000040  007776      7736       0  CODE    
                text18                         007776  000042  0077B8      3BBB       0  CODE    
                cinit                          0077B8  000046  0077FE      3BDC       0  CODE    
                text5                          0077FE  000048  007846      3BFF       0  CODE    
                text13                         007846  000054  00789A      3C23       0  CODE    
                text10                         00789A  000056  0078F0      3C4D       0  CODE    
                text2                          0078F0  00006A  00795A      3C78       0  CODE    
                text15                         00795A  00006C  0079C6      3CAD       0  CODE    
                text11                         0079C6  00006C  007A32      3CE3       0  CODE    
                text12                         007A32  000072  007AA4      3D19       0  CODE    
                text3                          007AA4  00009E  007B42      3D52       0  CODE    
                text21                         007B42  0000B2  007BF4      3DA1       0  CODE    
                text8                          007BF4  0001CC  007DC0      3DFA       0  CODE    


UNUSED ADDRESS RANGES

        Name                Unused          Largest block    Delta
        BANK0            0000DA-0000FF               26
        BANK1            0001EC-0001FF               14
        BANK2            000200-0002FF              100
        BANK3            000300-0003FF              100
        BANK4            000400-0004FF              100
        BANK5            000500-0005F3               F4
        BIGRAM           000001-00005F               5F
                         0000DA-0000FF               26
                         0001EC-0005F3              408
        BIGSFR           000F60-000F9B               3C
                         000F9D-000FD3               37
                         000FD5-000FDA                6
                         000FE0-000FE2                3
                         000FE8-000FEA                3
                         000FF0-000FFC                D
        CODE             000004-007587             7584
                         007696-007696                1
        COMRAM           000001-00005F               5F
        CONST            000004-007587             7584
                         007696-007696                1
        EEDATA           F00000-F000FF              100
        MEDIUMCONST      000600-007587             6F88
                         007696-007696                1
        RAM              0000DA-0000FF               26
                         0001EC-0005F3              100
        SFR              000F60-000F9B               3C
                         000F9D-000FD3               37
                         000FD5-000FDA                6
                         000FE0-000FE2                3
                         000FE8-000FEA                3
                         000FF0-000FFC                D
        SMALLCONST       000600-007587              100
                         007696-007696                1

                                  Symbol Table

?___awmod                    cstackBANK0  00006E
?___lmul                     cstackBANK0  000060
?___wmul                     cstackBANK0  000060
?_rand                       cstackBANK0  00006C
?_strlen                     cstackBANK0  000060
_ANSEL                       (abs)        000F7E
_BAUDCONbits                 (abs)        000FB8
_PORTAbits                   (abs)        000F80
_PORTD                       (abs)        000F83
_RCIF                        (abs)        007CF5
_RCREG                       (abs)        000FAE
_RCSTAbits                   (abs)        000FAB
_SPBRG                       (abs)        000FAF
_SPBRGH                      (abs)        000FB0
_TRISA                       (abs)        000F92
_TRISB                       (abs)        000F93
_TRISCbits                   (abs)        000F94
_TRISD                       (abs)        000F95
_TXREG                       (abs)        000FAD
_TXSTAbits                   (abs)        000FAC
__HRAM                       (abs)        000000
__H__absolute__              __absolute__ 000000
__Habs1                      abs1         000000
__Hbank0                     bank0        000000
__Hbank1                     bank1        000000
__Hbank2                     bank2        000000
__Hbank3                     bank3        000000
__Hbank4                     bank4        000000
__Hbank5                     bank5        000000
__Hbigbss                    bigbss       000000
__Hbigdata                   bigdata      000000
__Hbigram                    bigram       000000
__Hbigsfr                    bigsfr       000000
__Hbss                       bss          000000
__Hcinit                     cinit        000000
__Hclrtext                   clrtext      000000
__Hcomram                    comram       000000
__Hconfig                    config       30000E
__Hconst                     const        000000
__HcstackBANK0               cstackBANK0  000000
__HcstackBANK1               cstackBANK1  000000
__Hdata                      data         000000
__HdataBANK0                 dataBANK0    000000
__HdataBANK1                 dataBANK1    000000
__Heeprom_data               eeprom_data  000000
__Hfarbss                    farbss       000000
__Hfardata                   fardata      000000
__Hheap                      heap         000000
__Hibigdata                  ibigdata     000000
__Hidata                     idata        000000
__HidataBANK0                idataBANK0   000000
__HidataBANK1                idataBANK1   000000
__Hidloc                     idloc        200008
__Hifardata                  ifardata     000000
__Hinit                      init         000004
__Hintcode                   intcode      000000
__Hintcode_body              intcode_body 000000
__Hintcodelo                 intcodelo    000000
__Hintentry                  intentry     000000
__Hintret                    intret       000000
__Hintsave_regs              intsave_regs 000000
__Hirdata                    irdata       000000
__Hmediumconst               mediumconst  000000
__HnvFARRAM                  nvFARRAM     000000
__Hnvbit                     nvbit        000000
__Hnvrram                    nvrram       000000
__Hparam                     param0       000000
__Hparam0                    param0       000000
__Hpowerup                   powerup      000000
__Hram                       ram          000000
__Hramtop                    ramtop       000600
__Hrbit                      rbit         000000
__Hrbss                      rbss         000000
__Hrdata                     rdata        000000
__Hreset_vec                 reset_vec    000000
__Hsfr                       sfr          000000
__Hsmallconst                smallconst   000000
__Hspace_0                   (abs)        007DC0
__Hspace_1                   (abs)        0001EC
__Hspace_2                   (abs)        000000
__Hspace_4                   (abs)        60000E
__Hstack                     stack        000000
__Hstruct                    struct       000000
__Htemp                      temp         000000
__Htext                      text         000000
__Htext0                     text0        000000
__Htext1                     text1        000000
__Htext10                    text10       000000
__Htext11                    text11       000000
__Htext12                    text12       000000
__Htext13                    text13       000000
__Htext14                    text14       000000
__Htext15                    text15       000000
__Htext16                    text16       000000
__Htext17                    text17       000000
__Htext18                    text18       000000
__Htext19                    text19       000000
__Htext2                     text2        000000
__Htext20                    text20       000000
__Htext21                    text21       000000
__Htext22                    text22       000000
__Htext23                    text23       000000
__Htext3                     text3        000000
__Htext4                     text4        000000
__Htext5                     text5        000000
__Htext6                     text6        000000
__Htext7                     text7        000000
__Htext8                     text8        000000
__Htext9                     text9        000000
__LRAM                       (abs)        000001
__L__absolute__              __absolute__ 000000
__Labs1                      abs1         000000
__Lbank0                     bank0        000000
__Lbank1                     bank1        000000
__Lbank2                     bank2        000000
__Lbank3                     bank3        000000
__Lbank4                     bank4        000000
__Lbank5                     bank5        000000
__Lbigbss                    bigbss       000000
__Lbigdata                   bigdata      000000
__Lbigram                    bigram       000000
__Lbigsfr                    bigsfr       000000
__Lbss                       bss          000000
__Lcinit                     cinit        000000
__Lclrtext                   clrtext      000000
__Lcomram                    comram       000000
__Lconfig                    config       000000
__Lconst                     const        000000
__LcstackBANK0               cstackBANK0  000000
__LcstackBANK1               cstackBANK1  000000
__Ldata                      data         000000
__LdataBANK0                 dataBANK0    000000
__LdataBANK1                 dataBANK1    000000
__Leeprom_data               eeprom_data  000000
__Lfarbss                    farbss       000000
__Lfardata                   fardata      000000
__Lheap                      heap         000000
__Libigdata                  ibigdata     000000
__Lidata                     idata        000000
__LidataBANK0                idataBANK0   000000
__LidataBANK1                idataBANK1   000000
__Lidloc                     idloc        000000
__Lifardata                  ifardata     000000
__Linit                      init         000000
__Lintcode                   intcode      000000
__Lintcode_body              intcode_body 000000
__Lintcodelo                 intcodelo    000000
__Lintentry                  intentry     000000
__Lintret                    intret       000000
__Lintsave_regs              intsave_regs 000000
__Lirdata                    irdata       000000
__Lmediumconst               mediumconst  000000
__LnvFARRAM                  nvFARRAM     000000
__Lnvbit                     nvbit        000000
__Lnvrram                    nvrram       000000
__Lparam                     param0       000000
__Lparam0                    param0       000000
__Lpowerup                   powerup      000000
__Lram                       ram          000000
__Lramtop                    ramtop       000600
__Lrbit                      rbit         000000
__Lrbss                      rbss         000000
__Lrdata                     rdata        000000
__Lreset_vec                 reset_vec    000000
__Lsfr                       sfr          000000
__Lsmallconst                smallconst   000000
__Lspace_0                   (abs)        000000
__Lspace_1                   (abs)        000000
__Lspace_2                   (abs)        000000
__Lspace_4                   (abs)        000000
__Lstack                     stack        000000
__Lstruct                    struct       000000
__Ltemp                      temp         000000
__Ltext                      text         000000
__Ltext0                     text0        000000
__Ltext1                     text1        000000
__Ltext10                    text10       000000
__Ltext11                    text11       000000
__Ltext12                    text12       000000
__Ltext13                    text13       000000
__Ltext14                    text14       000000
__Ltext15                    text15       000000
__Ltext16                    text16       000000
__Ltext17                    text17       000000
__Ltext18                    text18       000000
__Ltext19                    text19       000000
__Ltext2                     text2        000000
__Ltext20                    text20       000000
__Ltext21                    text21       000000
__Ltext22                    text22       000000
__Ltext23                    text23       000000
__Ltext3                     text3        000000
__Ltext4                     text4        000000
__Ltext5                     text5        000000
__Ltext6                     text6        000000
__Ltext7                     text7        000000
__Ltext8                     text8        000000
__Ltext9                     text9        000000
__S0                         (abs)        007DC0
__S1                         (abs)        0001EC
__S4                         (abs)        000000
__S5                         (abs)        000000
___awmod                     text21       007B42
___awmod@counter             cstackBANK0  000072
___awmod@dividend            cstackBANK0  00006E
___awmod@divisor             cstackBANK0  000070
___awmod@sign                cstackBANK0  000073
___heap_hi                   (abs)        000000
___heap_lo                   (abs)        000000
___inthi_sp                  stack        000000
___intlo_sp                  stack        000000
___lmul                      text11       0079C6
___lmul@multiplicand         cstackBANK0  000064
___lmul@multiplier           cstackBANK0  000060
___lmul@product              cstackBANK0  000068
___param_bank                (abs)        000000
___rparam_used               (abs)        000000
___sp                        stack        000000
___wmul                      text20       007616
___wmul@multiplicand         cstackBANK0  000062
___wmul@multiplier           cstackBANK0  000060
___wmul@product              cstackBANK0  000064
__accesstop                  (abs)        000060
__activetblptr               (abs)        000003
__end_of___awmod             text21       007BF4
__end_of___lmul              text11       007A32
__end_of___wmul              text20       00763E
__end_of__initialization     cinit        0077F8
__end_of_afficheMelange      text8        007DC0
__end_of_getch               text7        0075C4
__end_of_init_serie          text23       007616
__end_of_initialisation      text22       0075AC
__end_of_joueCharivari       text5        007846
__end_of_kbhit               text6        0075DC
__end_of_lcd_busy            text18       0077B8
__end_of_lcd_curseurHome     text4        00759E
__end_of_lcd_ecrireDonnees   text17       0075F8
__end_of_lcd_ecritChar       text13       00789A
__end_of_lcd_gotoXY          text12       007AA4
__end_of_lcd_init            text1        007666
__end_of_lcd_initCGRam       text3        007B42
__end_of_lcd_lireDonnees     text19       00758E
__end_of_lcd_resetSequence   text2        00795A
__end_of_lcd_strobeEnableBit text16       007596
__end_of_lcd_wrCom           text15       0079C6
__end_of_lcd_wrData          text14       0076FC
__end_of_main                text0        007696
__end_of_rand                text10       0078F0
__end_of_strlen              text9        007736
__initialization             cinit        0077B8
__mediumconst                mediumconst  000000
__pcinit                     cinit        0077B8
__pcstackBANK0               cstackBANK0  000060
__pcstackBANK1               cstackBANK1  000100
__pdataBANK0                 dataBANK0    0000A9
__pdataBANK1                 dataBANK1    0001AC
__pidataBANK0                idataBANK0   007697
__pidataBANK1                idataBANK1   007736
__ptext0                     text0        007666
__ptext1                     text1        00763E
__ptext10                    text10       00789A
__ptext11                    text11       0079C6
__ptext12                    text12       007A32
__ptext13                    text13       007846
__ptext14                    text14       0076C8
__ptext15                    text15       00795A
__ptext16                    text16       00758E
__ptext17                    text17       0075DC
__ptext18                    text18       007776
__ptext19                    text19       007588
__ptext2                     text2        0078F0
__ptext20                    text20       007616
__ptext21                    text21       007B42
__ptext22                    text22       00759E
__ptext23                    text23       0075F8
__ptext3                     text3        007AA4
__ptext4                     text4        007596
__ptext5                     text5        0077FE
__ptext6                     text6        0075C4
__ptext7                     text7        0075AC
__ptext8                     text8        007BF4
__ptext9                     text9        0076FC
__ramtop                     ramtop       000600
__smallconst                 smallconst   000000
_afficheMelange              text8        007BF4
_getch                       text7        0075AC
_init_serie                  text23       0075F8
_initialisation              text22       00759E
_joueCharivari               text5        0077FE
_kbhit                       text6        0075C4
_lcd_busy                    text18       007776
_lcd_curseurHome             text4        007596
_lcd_ecrireDonnees           text17       0075DC
_lcd_ecritChar               text13       007846
_lcd_gotoXY                  text12       007A32
_lcd_init                    text1        00763E
_lcd_initCGRam               text3        007AA4
_lcd_lireDonnees             text19       007588
_lcd_resetSequence           text2        0078F0
_lcd_strobeEnableBit         text16       00758E
_lcd_wrCom                   text15       00795A
_lcd_wrData                  text14       0076C8
_main                        text0        007666
_matCGRAM                    dataBANK1    0001AC
_rand                        text10       00789A
_randx                       dataBANK0    0000D6
_strlen                      text9        0076FC
afficheMelange@colonne       cstackBANK1  0001A2
afficheMelange@i             cstackBANK1  0001A8
afficheMelange@i_114         cstackBANK1  0001A6
afficheMelange@j             cstackBANK1  0001AA
afficheMelange@lettre        cstackBANK1  0001A5
afficheMelange@lgMot         cstackBANK1  0001A4
afficheMelange@ligne         cstackBANK1  0001A0
afficheMelange@mot           cstackBANK0  000074
afficheMelange@oqp           cstackBANK1  000100
end_of_initialization        cinit        0077F8
getch@c                      cstackBANK0  000060
intlevel0                    text         000000
intlevel1                    text         000000
intlevel2                    text         000000
intlevel3                    text         000000
isa$std                      (abs)        000001
isa$xinst                    (abs)        000000
joueCharivari@c              cstackBANK0  00007B
joueCharivari@mot            cstackBANK0  000079
lcd_busy@adresse             cstackBANK0  000061
lcd_ecrireDonnees@donnee     cstackBANK0  000061
lcd_ecritChar@car            cstackBANK0  000063
lcd_ecritChar@posRam         cstackBANK0  000064
lcd_gotoXY@x                 cstackBANK0  000064
lcd_gotoXY@y                 cstackBANK0  000063
lcd_initCGRam@i              cstackBANK0  000065
lcd_initCGRam@j              cstackBANK0  000066
lcd_wrCom@commande           cstackBANK0  000062
lcd_wrData@caractere         cstackBANK0  000062
main@F2866                   dataBANK0    0000A9
main@messages                cstackBANK0  00007C
stackhi                      (abs)        000000
stacklo                      (abs)        000000
start                        init         000000
start_initialization         cinit        0077B8
strlen@cp                    cstackBANK0  000062
strlen@s                     cstackBANK0  000060


MODULE INFORMATION

Module		Function		Class		Link	Load	Size
C:\Program Files\Microchip\xc8\v2.41\pic\sources\c90\common\Umul16.c
		___wmul        		CODE           	7616	0000	40

C:\Program Files\Microchip\xc8\v2.41\pic\sources\c90\common\Umul16.c estimated size: 40

C:\Program Files\Microchip\xc8\v2.41\pic\sources\c90\common\rand.c
		_rand          		CODE           	789A	0000	86

C:\Program Files\Microchip\xc8\v2.41\pic\sources\c90\common\rand.c estimated size: 86

C:\Program Files\Microchip\xc8\v2.41\pic\sources\c90\common\Umul32.c
		___lmul        		CODE           	79C6	0000	108

C:\Program Files\Microchip\xc8\v2.41\pic\sources\c90\common\Umul32.c estimated size: 108

Lcd4Lignes.c
		_lcd_ecrireDonnees		CODE           	75DC	0000	28
		_lcd_busy      		CODE           	7776	0000	66
		_lcd_curseurHome		CODE           	7596	0000	8
		_lcd_initCGRam 		CODE           	7AA4	0000	158
		_lcd_wrData    		CODE           	76C8	0000	52
		_lcd_resetSequence		CODE           	78F0	0000	106
		_lcd_lireDonnees		CODE           	7588	0000	6
		_lcd_gotoXY    		CODE           	7A32	0000	114
		_lcd_wrCom     		CODE           	795A	0000	108
		_lcd_ecritChar 		CODE           	7846	0000	84
		_lcd_init      		CODE           	763E	0000	40
		_lcd_strobeEnableBit		CODE           	758E	0000	8

Lcd4Lignes.c estimated size: 778

shared
		__initialization		CODE           	77B8	0000	64

shared estimated size: 64

serie.c
		_init_serie    		CODE           	75F8	0000	30
		_getch         		CODE           	75AC	0000	24
		_kbhit         		CODE           	75C4	0000	24

serie.c estimated size: 78

C:\Program Files\Microchip\xc8\v2.41\pic\sources\c90\common\strlen.c
		_strlen        		CODE           	76FC	0000	58

C:\Program Files\Microchip\xc8\v2.41\pic\sources\c90\common\strlen.c estimated size: 58

C:\Program Files\Microchip\xc8\v2.41\pic\sources\c90\common\awmod.c
		___awmod       		CODE           	7B42	0000	178

C:\Program Files\Microchip\xc8\v2.41\pic\sources\c90\common\awmod.c estimated size: 178

main.c
		_initialisation		CODE           	759E	0000	14
		_afficheMelange		CODE           	7BF4	0000	460
		_main          		CODE           	7666	0000	48
		_joueCharivari 		CODE           	77FE	0000	72

main.c estimated size: 594

