Microchip MPLAB XC8 Compiler V2.41

Linker command line:

\
  --edf=C:/Program Files/Microchip/MPLABX/v6.15/packs/Microchip/PIC18F-K_DFP/1.11.281/xc8\pic\dat\20230721151103_en.msgs \
  -cn -h+dist/Mini_board_config/debug\Lab4_RockSawyer.X.debug.sym \
  --cmf=dist/Mini_board_config/debug\Lab4_RockSawyer.X.debug.cmf -z \
  -Q18F45K20 -oC:\Users\Rock\AppData\Local\Temp\xcAsc9s.\driver_tmp_3.o \
  --defsym=__MPLAB_BUILD=1 --fixupoverflow=error \
  -Mdist/Mini_board_config/debug/Lab4_RockSawyer.X.debug.map \
  --md=C:\Users\Rock\AppData\Local\Temp\xcAsc9s.\driver_tmp_0.dat -E1 \
  -ver=XC8 Compiler --acfsm=1493 -ACODE=00h-07DBFh -ACONST=00h-07DBFh \
  -ASMALLCONST=0600h-06FFhx119,07D00h-07DBFh -AMEDIUMCONST=0600h-07DBFh \
  -ACOMRAM=01h-05Fh -AABS1=00h-05F3h -ABIGRAM=01h-05F3h \
  -ARAM=060h-0FFh,0100h-01FFhx4,0500h-05F3h -ABANK0=060h-0FFh \
  -ABANK1=0100h-01FFh -ABANK2=0200h-02FFh -ABANK3=0300h-03FFh \
  -ABANK4=0400h-04FFh -ABANK5=0500h-05F3h \
  -ASFR=0F60h-0F9Bh,0F9Dh-0FD3h,0FD5h-0FDAh,0FE0h-0FE2h,0FE8h-0FEAh,0FF0h-0FFCh \
  -ABIGSFR=0F60h-0F9Bh,0F9Dh-0FD3h,0FD5h-0FDAh,0FE0h-0FE2h,0FE8h-0FEAh,0FF0h-0FFCh \
  -ACONFIG=0300000h-030000Dh -AIDLOC=0200000h-0200007h \
  -AEEDATA=0F00000h-0F000FFh -peeprom_data=EEDATA \
  -preset_vec=00h,intcode,intcodelo,powerup,init -pramtop=0600h \
  -psmallconst=SMALLCONST -pmediumconst=MEDIUMCONST -pconst=CONST \
  -AFARRAM=00h-00h \
  -prdata=COMRAM,nvrram=COMRAM,nvbit=COMRAM,rbss=COMRAM,rbit=COMRAM \
  -pfarbss=FARRAM,fardata=FARRAM,nvFARRAM=FARRAM \
  -pintsave_regs=BIGRAM,bigbss=BIGRAM,bigdata=BIGRAM -pbss=RAM \
  -pidata=CODE,irdata=CODE,ibigdata=CODE,ifardata=CODE -pparam0=BANK0 \
  C:\Users\Rock\AppData\Local\Temp\xcAsc9s.\driver_tmp_9.o \
  dist/Mini_board_config/debug\Lab4_RockSawyer.X.debug.o 

Object code version is 3.11

Machine type is 18F45K20



                Name                               Link     Load   Length Selector   Space Scale
C:\Users\Rock\AppData\Local\Temp\xcAsc9s.\driver_tmp_9.o
                idloc                            200000   200000        8        0       5
                config                           300000   300000        E        0       4
                init                                  0        0        4        0       0
dist/Mini_board_config/debug\Lab4_RockSawyer.X.debug.o
                idloc                            200000   200000        8        0       5
                config                           300000   300000        E        0       4
                text23                             7602     7602       1E     3B01       0
                text22                             75A8     75A8        E     3AD4       0
                text21                             7B48     7B48       B2     3DA4       0
                text20                             7620     7620       28     3B10       0
                text19                             7592     7592        6     3AC9       0
                text18                             770E     770E       42     3B87       0
                text17                             75E6     75E6       1C     3AF3       0
                text16                             7598     7598        8     3ACC       0
                text15                             78F2     78F2       6C     3C79       0
                text14                             76A0     76A0       34     3B50       0
                text13                             77DE     77DE       54     3BEF       0
                text12                             7A38     7A38       72     3D1C       0
                text11                             795E     795E       6C     3CAF       0
                text10                             7832     7832       56     3C19       0
                text9                              76D4     76D4       3A     3B6A       0
                text8                              7BFA     7BFA      1C6     3DFD       0
                text7                              75B6     75B6       18     3ADB       0
                text6                              75CE     75CE       18     3AE7       0
                text5                              7796     7796       48     3BCB       0
                text4                              75A0     75A0        8     3AD0       0
                text3                              7AAA     7AAA       9E     3D55       0
                text2                              7888     7888       6A     3C44       0
                text1                              7648     7648       28     3B24       0
                text0                              7670     7670       30     3B38       0
                cstackBANK0                          60       60       78       60       1
                cstackBANK1                         16D      16D       2D      100       1
                dataBANK1                           100      100       6D      100       1
                dataBANK0                            D8       D8        4       60       1
                cinit                              7750     7750       46     3BA8       0
                idataBANK1                         79CB     79CB       6D     79CB       0
                idataBANK0                         758E     758E        4     758E       0

TOTAL           Name                               Link     Load   Length     Space
        CLASS   CODE           
                init                                  0        0        4         0
                text23                             7602     7602       1E         0
                text22                             75A8     75A8        E         0
                text21                             7B48     7B48       B2         0
                text20                             7620     7620       28         0
                text19                             7592     7592        6         0
                text18                             770E     770E       42         0
                text17                             75E6     75E6       1C         0
                text16                             7598     7598        8         0
                text15                             78F2     78F2       6C         0
                text14                             76A0     76A0       34         0
                text13                             77DE     77DE       54         0
                text12                             7A38     7A38       72         0
                text11                             795E     795E       6C         0
                text10                             7832     7832       56         0
                text9                              76D4     76D4       3A         0
                text8                              7BFA     7BFA      1C6         0
                text7                              75B6     75B6       18         0
                text6                              75CE     75CE       18         0
                text5                              7796     7796       48         0
                text4                              75A0     75A0        8         0
                text3                              7AAA     7AAA       9E         0
                text2                              7888     7888       6A         0
                text1                              7648     7648       28         0
                text0                              7670     7670       30         0
                cinit                              7750     7750       46         0
                idataBANK1                         79CB     79CB       6D         0
                idataBANK0                         758E     758E        4         0

        CLASS   CONST          

        CLASS   SMALLCONST     

        CLASS   MEDIUMCONST    

        CLASS   COMRAM         

        CLASS   ABS1           

        CLASS   BIGRAM         

        CLASS   RAM            

        CLASS   BANK0          
                cstackBANK0                          60       60       78         1
                dataBANK0                            D8       D8        4         1

        CLASS   BANK1          
                cstackBANK1                         16D      16D       2D         1
                dataBANK1                           100      100       6D         1

        CLASS   BANK2          

        CLASS   BANK3          

        CLASS   BANK4          

        CLASS   BANK5          

        CLASS   SFR            

        CLASS   BIGSFR         

        CLASS   CONFIG         
                config                           300000   300000        E         4

        CLASS   IDLOC          
                idloc                            200000   200000        8         5

        CLASS   EEDATA         

        CLASS   FARRAM         

        CLASS   HEAP           

        CLASS   STACK          



SEGMENTS        Name                           Load    Length   Top    Selector   Space  Class

                reset_vec                      000000  000004  000004         0       0  CODE    
                cstackBANK0                    000060  00007C  0000DC        60       1  BANK0   
                dataBANK1                      000100  00009A  00019A       100       1  BANK1   
                idataBANK0                     00758E  000004  007592      758E       0  CODE    
                text19                         007592  000006  007598      3AC9       0  CODE    
                text16                         007598  000008  0075A0      3ACC       0  CODE    
                text4                          0075A0  000008  0075A8      3AD0       0  CODE    
                text22                         0075A8  00000E  0075B6      3AD4       0  CODE    
                text7                          0075B6  000018  0075CE      3ADB       0  CODE    
                text6                          0075CE  000018  0075E6      3AE7       0  CODE    
                text17                         0075E6  00001C  007602      3AF3       0  CODE    
                text23                         007602  00001E  007620      3B01       0  CODE    
                text20                         007620  000028  007648      3B10       0  CODE    
                text1                          007648  000028  007670      3B24       0  CODE    
                text0                          007670  000030  0076A0      3B38       0  CODE    
                text14                         0076A0  000034  0076D4      3B50       0  CODE    
                text9                          0076D4  00003A  00770E      3B6A       0  CODE    
                text18                         00770E  000042  007750      3B87       0  CODE    
                cinit                          007750  000046  007796      3BA8       0  CODE    
                text5                          007796  000048  0077DE      3BCB       0  CODE    
                text13                         0077DE  000054  007832      3BEF       0  CODE    
                text10                         007832  000056  007888      3C19       0  CODE    
                text2                          007888  00006A  0078F2      3C44       0  CODE    
                text15                         0078F2  00006C  00795E      3C79       0  CODE    
                text11                         00795E  00006C  0079CA      3CAF       0  CODE    
                idataBANK1                     0079CB  00006D  007A38      79CB       0  CODE    
                text12                         007A38  000072  007AAA      3D1C       0  CODE    
                text3                          007AAA  00009E  007B48      3D55       0  CODE    
                text21                         007B48  0000B2  007BFA      3DA4       0  CODE    
                text8                          007BFA  0001C6  007DC0      3DFD       0  CODE    


UNUSED ADDRESS RANGES

        Name                Unused          Largest block    Delta
        BANK0            0000DC-0000FF               24
        BANK1            00019A-0001FF               66
        BANK2            000200-0002FF              100
        BANK3            000300-0003FF              100
        BANK4            000400-0004FF              100
        BANK5            000500-0005F3               F4
        BIGRAM           000001-00005F               5F
                         0000DC-0000FF               24
                         00019A-0005F3              45A
        BIGSFR           000F60-000F9B               3C
                         000F9D-000FD3               37
                         000FD5-000FDA                6
                         000FE0-000FE2                3
                         000FE8-000FEA                3
                         000FF0-000FFC                D
        CODE             000004-00758D             758A
                         0079CA-0079CA                1
        COMRAM           000001-00005F               5F
        CONST            000004-00758D             758A
                         0079CA-0079CA                1
        EEDATA           F00000-F000FF              100
        MEDIUMCONST      000600-00758D             6F8E
                         0079CA-0079CA                1
        RAM              0000DC-0000FF               24
                         00019A-0005F3              100
        SFR              000F60-000F9B               3C
                         000F9D-000FD3               37
                         000FD5-000FDA                6
                         000FE0-000FE2                3
                         000FE8-000FEA                3
                         000FF0-000FFC                D
        SMALLCONST       000600-00758D              100
                         0079CA-0079CA                1

                                  Symbol Table

?___awmod                    cstackBANK0  00006E
?___lmul                     cstackBANK0  000060
?___wmul                     cstackBANK0  000060
?_rand                       cstackBANK0  00006C
?_strlen                     cstackBANK0  000060
_ANSEL                       (abs)        000F7E
_BAUDCONbits                 (abs)        000FB8
_PORTAbits                   (abs)        000F80
_PORTD                       (abs)        000F83
_RCIF                        (abs)        007CF5
_RCREG                       (abs)        000FAE
_RCSTAbits                   (abs)        000FAB
_SPBRG                       (abs)        000FAF
_SPBRGH                      (abs)        000FB0
_TRISA                       (abs)        000F92
_TRISB                       (abs)        000F93
_TRISCbits                   (abs)        000F94
_TRISD                       (abs)        000F95
_TXREG                       (abs)        000FAD
_TXSTAbits                   (abs)        000FAC
__HRAM                       (abs)        000000
__H__absolute__              __absolute__ 000000
__Habs1                      abs1         000000
__Hbank0                     bank0        000000
__Hbank1                     bank1        000000
__Hbank2                     bank2        000000
__Hbank3                     bank3        000000
__Hbank4                     bank4        000000
__Hbank5                     bank5        000000
__Hbigbss                    bigbss       000000
__Hbigdata                   bigdata      000000
__Hbigram                    bigram       000000
__Hbigsfr                    bigsfr       000000
__Hbss                       bss          000000
__Hcinit                     cinit        000000
__Hclrtext                   clrtext      000000
__Hcomram                    comram       000000
__Hconfig                    config       30000E
__Hconst                     const        000000
__HcstackBANK0               cstackBANK0  000000
__HcstackBANK1               cstackBANK1  000000
__Hdata                      data         000000
__HdataBANK0                 dataBANK0    000000
__HdataBANK1                 dataBANK1    000000
__Heeprom_data               eeprom_data  000000
__Hfarbss                    farbss       000000
__Hfardata                   fardata      000000
__Hheap                      heap         000000
__Hibigdata                  ibigdata     000000
__Hidata                     idata        000000
__HidataBANK0                idataBANK0   000000
__HidataBANK1                idataBANK1   000000
__Hidloc                     idloc        200008
__Hifardata                  ifardata     000000
__Hinit                      init         000004
__Hintcode                   intcode      000000
__Hintcode_body              intcode_body 000000
__Hintcodelo                 intcodelo    000000
__Hintentry                  intentry     000000
__Hintret                    intret       000000
__Hintsave_regs              intsave_regs 000000
__Hirdata                    irdata       000000
__Hmediumconst               mediumconst  000000
__HnvFARRAM                  nvFARRAM     000000
__Hnvbit                     nvbit        000000
__Hnvrram                    nvrram       000000
__Hparam                     param0       000000
__Hparam0                    param0       000000
__Hpowerup                   powerup      000000
__Hram                       ram          000000
__Hramtop                    ramtop       000600
__Hrbit                      rbit         000000
__Hrbss                      rbss         000000
__Hrdata                     rdata        000000
__Hreset_vec                 reset_vec    000000
__Hsfr                       sfr          000000
__Hsmallconst                smallconst   000000
__Hspace_0                   (abs)        007DC0
__Hspace_1                   (abs)        00019A
__Hspace_2                   (abs)        000000
__Hspace_4                   (abs)        60000E
__Hstack                     stack        000000
__Hstruct                    struct       000000
__Htemp                      temp         000000
__Htext                      text         000000
__Htext0                     text0        000000
__Htext1                     text1        000000
__Htext10                    text10       000000
__Htext11                    text11       000000
__Htext12                    text12       000000
__Htext13                    text13       000000
__Htext14                    text14       000000
__Htext15                    text15       000000
__Htext16                    text16       000000
__Htext17                    text17       000000
__Htext18                    text18       000000
__Htext19                    text19       000000
__Htext2                     text2        000000
__Htext20                    text20       000000
__Htext21                    text21       000000
__Htext22                    text22       000000
__Htext23                    text23       000000
__Htext3                     text3        000000
__Htext4                     text4        000000
__Htext5                     text5        000000
__Htext6                     text6        000000
__Htext7                     text7        000000
__Htext8                     text8        000000
__Htext9                     text9        000000
__LRAM                       (abs)        000001
__L__absolute__              __absolute__ 000000
__Labs1                      abs1         000000
__Lbank0                     bank0        000000
__Lbank1                     bank1        000000
__Lbank2                     bank2        000000
__Lbank3                     bank3        000000
__Lbank4                     bank4        000000
__Lbank5                     bank5        000000
__Lbigbss                    bigbss       000000
__Lbigdata                   bigdata      000000
__Lbigram                    bigram       000000
__Lbigsfr                    bigsfr       000000
__Lbss                       bss          000000
__Lcinit                     cinit        000000
__Lclrtext                   clrtext      000000
__Lcomram                    comram       000000
__Lconfig                    config       000000
__Lconst                     const        000000
__LcstackBANK0               cstackBANK0  000000
__LcstackBANK1               cstackBANK1  000000
__Ldata                      data         000000
__LdataBANK0                 dataBANK0    000000
__LdataBANK1                 dataBANK1    000000
__Leeprom_data               eeprom_data  000000
__Lfarbss                    farbss       000000
__Lfardata                   fardata      000000
__Lheap                      heap         000000
__Libigdata                  ibigdata     000000
__Lidata                     idata        000000
__LidataBANK0                idataBANK0   000000
__LidataBANK1                idataBANK1   000000
__Lidloc                     idloc        000000
__Lifardata                  ifardata     000000
__Linit                      init         000000
__Lintcode                   intcode      000000
__Lintcode_body              intcode_body 000000
__Lintcodelo                 intcodelo    000000
__Lintentry                  intentry     000000
__Lintret                    intret       000000
__Lintsave_regs              intsave_regs 000000
__Lirdata                    irdata       000000
__Lmediumconst               mediumconst  000000
__LnvFARRAM                  nvFARRAM     000000
__Lnvbit                     nvbit        000000
__Lnvrram                    nvrram       000000
__Lparam                     param0       000000
__Lparam0                    param0       000000
__Lpowerup                   powerup      000000
__Lram                       ram          000000
__Lramtop                    ramtop       000600
__Lrbit                      rbit         000000
__Lrbss                      rbss         000000
__Lrdata                     rdata        000000
__Lreset_vec                 reset_vec    000000
__Lsfr                       sfr          000000
__Lsmallconst                smallconst   000000
__Lspace_0                   (abs)        000000
__Lspace_1                   (abs)        000000
__Lspace_2                   (abs)        000000
__Lspace_4                   (abs)        000000
__Lstack                     stack        000000
__Lstruct                    struct       000000
__Ltemp                      temp         000000
__Ltext                      text         000000
__Ltext0                     text0        000000
__Ltext1                     text1        000000
__Ltext10                    text10       000000
__Ltext11                    text11       000000
__Ltext12                    text12       000000
__Ltext13                    text13       000000
__Ltext14                    text14       000000
__Ltext15                    text15       000000
__Ltext16                    text16       000000
__Ltext17                    text17       000000
__Ltext18                    text18       000000
__Ltext19                    text19       000000
__Ltext2                     text2        000000
__Ltext20                    text20       000000
__Ltext21                    text21       000000
__Ltext22                    text22       000000
__Ltext23                    text23       000000
__Ltext3                     text3        000000
__Ltext4                     text4        000000
__Ltext5                     text5        000000
__Ltext6                     text6        000000
__Ltext7                     text7        000000
__Ltext8                     text8        000000
__Ltext9                     text9        000000
__S0                         (abs)        007DC0
__S1                         (abs)        00019A
__S4                         (abs)        000000
__S5                         (abs)        000000
___awmod                     text21       007B48
___awmod@counter             cstackBANK0  000072
___awmod@dividend            cstackBANK0  00006E
___awmod@divisor             cstackBANK0  000070
___awmod@sign                cstackBANK0  000073
___heap_hi                   (abs)        000000
___heap_lo                   (abs)        000000
___inthi_sp                  stack        000000
___intlo_sp                  stack        000000
___lmul                      text11       00795E
___lmul@multiplicand         cstackBANK0  000064
___lmul@multiplier           cstackBANK0  000060
___lmul@product              cstackBANK0  000068
___param_bank                (abs)        000000
___rparam_used               (abs)        000000
___sp                        stack        000000
___wmul                      text20       007620
___wmul@multiplicand         cstackBANK0  000062
___wmul@multiplier           cstackBANK0  000060
___wmul@product              cstackBANK0  000064
__accesstop                  (abs)        000060
__activetblptr               (abs)        000003
__end_of___awmod             text21       007BFA
__end_of___lmul              text11       0079CA
__end_of___wmul              text20       007648
__end_of__initialization     cinit        007790
__end_of_afficheMelange      text8        007DC0
__end_of_getch               text7        0075CE
__end_of_init_serie          text23       007620
__end_of_initialisation      text22       0075B6
__end_of_joueCharivari       text5        0077DE
__end_of_kbhit               text6        0075E6
__end_of_lcd_busy            text18       007750
__end_of_lcd_curseurHome     text4        0075A8
__end_of_lcd_ecrireDonnees   text17       007602
__end_of_lcd_ecritChar       text13       007832
__end_of_lcd_gotoXY          text12       007AAA
__end_of_lcd_init            text1        007670
__end_of_lcd_initCGRam       text3        007B48
__end_of_lcd_lireDonnees     text19       007598
__end_of_lcd_resetSequence   text2        0078F2
__end_of_lcd_strobeEnableBit text16       0075A0
__end_of_lcd_wrCom           text15       00795E
__end_of_lcd_wrData          text14       0076D4
__end_of_main                text0        0076A0
__end_of_rand                text10       007888
__end_of_strlen              text9        00770E
__initialization             cinit        007750
__mediumconst                mediumconst  000000
__pcinit                     cinit        007750
__pcstackBANK0               cstackBANK0  000060
__pcstackBANK1               cstackBANK1  00016D
__pdataBANK0                 dataBANK0    0000D8
__pdataBANK1                 dataBANK1    000100
__pidataBANK0                idataBANK0   00758E
__pidataBANK1                idataBANK1   0079CB
__ptext0                     text0        007670
__ptext1                     text1        007648
__ptext10                    text10       007832
__ptext11                    text11       00795E
__ptext12                    text12       007A38
__ptext13                    text13       0077DE
__ptext14                    text14       0076A0
__ptext15                    text15       0078F2
__ptext16                    text16       007598
__ptext17                    text17       0075E6
__ptext18                    text18       00770E
__ptext19                    text19       007592
__ptext2                     text2        007888
__ptext20                    text20       007620
__ptext21                    text21       007B48
__ptext22                    text22       0075A8
__ptext23                    text23       007602
__ptext3                     text3        007AAA
__ptext4                     text4        0075A0
__ptext5                     text5        007796
__ptext6                     text6        0075CE
__ptext7                     text7        0075B6
__ptext8                     text8        007BFA
__ptext9                     text9        0076D4
__ramtop                     ramtop       000600
__smallconst                 smallconst   000000
_afficheMelange              text8        007BFA
_getch                       text7        0075B6
_init_serie                  text23       007602
_initialisation              text22       0075A8
_joueCharivari               text5        007796
_kbhit                       text6        0075CE
_lcd_busy                    text18       00770E
_lcd_curseurHome             text4        0075A0
_lcd_ecrireDonnees           text17       0075E6
_lcd_ecritChar               text13       0077DE
_lcd_gotoXY                  text12       007A38
_lcd_init                    text1        007648
_lcd_initCGRam               text3        007AAA
_lcd_lireDonnees             text19       007592
_lcd_resetSequence           text2        007888
_lcd_strobeEnableBit         text16       007598
_lcd_wrCom                   text15       0078F2
_lcd_wrData                  text14       0076A0
_main                        text0        007670
_matCGRAM                    dataBANK1    000100
_rand                        text10       007832
_randx                       dataBANK0    0000D8
_strlen                      text9        0076D4
afficheMelange@colonne       cstackBANK0  0000CB
afficheMelange@i             cstackBANK0  0000D1
afficheMelange@i_114         cstackBANK0  0000CF
afficheMelange@j             cstackBANK0  0000D3
afficheMelange@lettre        cstackBANK0  0000CE
afficheMelange@lgMot         cstackBANK0  0000CD
afficheMelange@ligne         cstackBANK0  0000C9
afficheMelange@mot           cstackBANK0  000074
afficheMelange@oqp           cstackBANK0  000079
end_of_initialization        cinit        007790
getch@c                      cstackBANK0  000060
intlevel0                    text         000000
intlevel1                    text         000000
intlevel2                    text         000000
intlevel3                    text         000000
isa$std                      (abs)        000001
isa$xinst                    (abs)        000000
joueCharivari@c              cstackBANK0  0000D7
joueCharivari@mot            cstackBANK0  0000D5
lcd_busy@adresse             cstackBANK0  000061
lcd_ecrireDonnees@donnee     cstackBANK0  000061
lcd_ecritChar@car            cstackBANK0  000063
lcd_ecritChar@posRam         cstackBANK0  000064
lcd_gotoXY@x                 cstackBANK0  000064
lcd_gotoXY@y                 cstackBANK0  000063
lcd_initCGRam@i              cstackBANK0  000065
lcd_initCGRam@j              cstackBANK0  000066
lcd_wrCom@commande           cstackBANK0  000062
lcd_wrData@caractere         cstackBANK0  000062
main@F2866                   dataBANK1    000140
main@messages                cstackBANK1  00016D
stackhi                      (abs)        000000
stacklo                      (abs)        000000
start                        init         000000
start_initialization         cinit        007750
strlen@cp                    cstackBANK0  000062
strlen@s                     cstackBANK0  000060


MODULE INFORMATION

Module		Function		Class		Link	Load	Size
C:\Program Files\Microchip\xc8\v2.41\pic\sources\c90\common\Umul16.c
		___wmul        		CODE           	7620	0000	40

C:\Program Files\Microchip\xc8\v2.41\pic\sources\c90\common\Umul16.c estimated size: 40

C:\Program Files\Microchip\xc8\v2.41\pic\sources\c90\common\rand.c
		_rand          		CODE           	7832	0000	86

C:\Program Files\Microchip\xc8\v2.41\pic\sources\c90\common\rand.c estimated size: 86

C:\Program Files\Microchip\xc8\v2.41\pic\sources\c90\common\Umul32.c
		___lmul        		CODE           	795E	0000	108

C:\Program Files\Microchip\xc8\v2.41\pic\sources\c90\common\Umul32.c estimated size: 108

Lcd4Lignes.c
		_lcd_ecrireDonnees		CODE           	75E6	0000	28
		_lcd_busy      		CODE           	770E	0000	66
		_lcd_curseurHome		CODE           	75A0	0000	8
		_lcd_initCGRam 		CODE           	7AAA	0000	158
		_lcd_wrData    		CODE           	76A0	0000	52
		_lcd_resetSequence		CODE           	7888	0000	106
		_lcd_lireDonnees		CODE           	7592	0000	6
		_lcd_gotoXY    		CODE           	7A38	0000	114
		_lcd_wrCom     		CODE           	78F2	0000	108
		_lcd_ecritChar 		CODE           	77DE	0000	84
		_lcd_init      		CODE           	7648	0000	40
		_lcd_strobeEnableBit		CODE           	7598	0000	8

Lcd4Lignes.c estimated size: 778

shared
		__initialization		CODE           	7750	0000	64

shared estimated size: 64

serie.c
		_init_serie    		CODE           	7602	0000	30
		_getch         		CODE           	75B6	0000	24
		_kbhit         		CODE           	75CE	0000	24

serie.c estimated size: 78

C:\Program Files\Microchip\xc8\v2.41\pic\sources\c90\common\strlen.c
		_strlen        		CODE           	76D4	0000	58

C:\Program Files\Microchip\xc8\v2.41\pic\sources\c90\common\strlen.c estimated size: 58

C:\Program Files\Microchip\xc8\v2.41\pic\sources\c90\common\awmod.c
		___awmod       		CODE           	7B48	0000	178

C:\Program Files\Microchip\xc8\v2.41\pic\sources\c90\common\awmod.c estimated size: 178

main.c
		_initialisation		CODE           	75A8	0000	14
		_afficheMelange		CODE           	7BFA	0000	454
		_main          		CODE           	7670	0000	48
		_joueCharivari 		CODE           	7796	0000	72

main.c estimated size: 588

