Microchip MPLAB XC8 Compiler V2.41

Linker command line:

\
  --edf=C:/Program Files/Microchip/MPLABX/v6.15/packs/Microchip/PIC18F-K_DFP/1.11.281/xc8\pic\dat\20230721151103_en.msgs \
  -cn -h+dist/Mini_board_config/production\Lab4_RockSawyer.X.production.sym \
  --cmf=dist/Mini_board_config/production\Lab4_RockSawyer.X.production.cmf \
  -z -Q18F45K20 -oC:\Users\Rock\AppData\Local\Temp\xcDsfc8.3\driver_tmp_3.o \
  --defsym=__MPLAB_BUILD=1 --fixupoverflow=error \
  -Mdist/Mini_board_config/production/Lab4_RockSawyer.X.production.map \
  --md=C:\Users\Rock\AppData\Local\Temp\xcDsfc8.3\driver_tmp_0.dat -E1 \
  -ver=XC8 Compiler --acfsm=1493 -ACODE=00h-07FFFh -ACONST=00h-07FFFh \
  -ASMALLCONST=0600h-06FFhx122 -AMEDIUMCONST=0600h-07FFFh -ACOMRAM=01h-05Fh \
  -AABS1=00h-05FFh -ABIGRAM=01h-05FFh -ARAM=060h-0FFh,0100h-01FFhx5 \
  -ABANK0=060h-0FFh -ABANK1=0100h-01FFh -ABANK2=0200h-02FFh \
  -ABANK3=0300h-03FFh -ABANK4=0400h-04FFh -ABANK5=0500h-05FFh \
  -ASFR=0F60h-0FFFh -ABIGSFR=0F60h-0FFFh -ACONFIG=0300000h-030000Dh \
  -AIDLOC=0200000h-0200007h -AEEDATA=0F00000h-0F000FFh -peeprom_data=EEDATA \
  -preset_vec=00h,intcode,intcodelo,powerup,init -pramtop=0600h \
  -psmallconst=SMALLCONST -pmediumconst=MEDIUMCONST -pconst=CONST \
  -AFARRAM=00h-00h \
  -prdata=COMRAM,nvrram=COMRAM,nvbit=COMRAM,rbss=COMRAM,rbit=COMRAM \
  -pfarbss=FARRAM,fardata=FARRAM,nvFARRAM=FARRAM \
  -pintsave_regs=BIGRAM,bigbss=BIGRAM,bigdata=BIGRAM -pbss=RAM \
  -pidata=CODE,irdata=CODE,ibigdata=CODE,ifardata=CODE -pparam0=BANK0 \
  C:\Users\Rock\AppData\Local\Temp\xcDsfc8.3\driver_tmp_9.o \
  dist/Mini_board_config/production\Lab4_RockSawyer.X.production.o 

Object code version is 3.11

Machine type is 18F45K20



                Name                               Link     Load   Length Selector   Space Scale
C:\Users\Rock\AppData\Local\Temp\xcDsfc8.3\driver_tmp_9.o
                idloc                            200000   200000        8        0       5
                config                           300000   300000        E        0       4
                init                                  0        0        4        0       0
dist/Mini_board_config/production\Lab4_RockSawyer.X.production.o
                idloc                            200000   200000        8        0       5
                config                           300000   300000        E        0       4
                text18                             79E8     79E8       1E     3CF4       0
                text17                             798E     798E        E     3CC7       0
                text16                             799C     799C       18     3CCE       0
                text15                             79B4     79B4       18     3CDA       0
                text14                             7978     7978        6     3CBC       0
                text13                             7B3A     7B3A       42     3D9D       0
                text12                             79CC     79CC       1C     3CE6       0
                text11                             797E     797E        8     3CBF       0
                text10                             7C80     7C80       6C     3E40       0
                text9                              7A8C     7A8C       34     3D46       0
                text8                              7BC2     7BC2       54     3DE1       0
                text7                              7CEC     7CEC       72     3E76       0
                text6                              7AC0     7AC0       3A     3D60       0
                text5                              7DFC     7DFC      204     3EFE       0
                text4                              7986     7986        8     3CC3       0
                text3                              7D5E     7D5E       9E     3EAF       0
                text2                              7C16     7C16       6A     3E0B       0
                text1                              7A06     7A06       28     3D03       0
                text0                              7A5C     7A5C       30     3D2E       0
                cstackBANK0                          60       60       50       60       1
                dataBANK1                           100      100       40      100       1
                dataBANK0                            B0       B0       2D       60       1
                cinit                              7B7C     7B7C       46     3DBE       0
                idataBANK1                         7AFA     7AFA       40     7AFA       0
                idataBANK0                         7A2F     7A2F       2D     7A2F       0

TOTAL           Name                               Link     Load   Length     Space
        CLASS   CODE           
                init                                  0        0        4         0
                text18                             79E8     79E8       1E         0
                text17                             798E     798E        E         0
                text16                             799C     799C       18         0
                text15                             79B4     79B4       18         0
                text14                             7978     7978        6         0
                text13                             7B3A     7B3A       42         0
                text12                             79CC     79CC       1C         0
                text11                             797E     797E        8         0
                text10                             7C80     7C80       6C         0
                text9                              7A8C     7A8C       34         0
                text8                              7BC2     7BC2       54         0
                text7                              7CEC     7CEC       72         0
                text6                              7AC0     7AC0       3A         0
                text5                              7DFC     7DFC      204         0
                text4                              7986     7986        8         0
                text3                              7D5E     7D5E       9E         0
                text2                              7C16     7C16       6A         0
                text1                              7A06     7A06       28         0
                text0                              7A5C     7A5C       30         0
                cinit                              7B7C     7B7C       46         0
                idataBANK1                         7AFA     7AFA       40         0
                idataBANK0                         7A2F     7A2F       2D         0

        CLASS   CONST          

        CLASS   SMALLCONST     

        CLASS   MEDIUMCONST    

        CLASS   COMRAM         

        CLASS   ABS1           

        CLASS   BIGRAM         

        CLASS   RAM            

        CLASS   BANK0          
                cstackBANK0                          60       60       50         1
                dataBANK0                            B0       B0       2D         1

        CLASS   BANK1          
                dataBANK1                           100      100       40         1

        CLASS   BANK2          

        CLASS   BANK3          

        CLASS   BANK4          

        CLASS   BANK5          

        CLASS   SFR            

        CLASS   BIGSFR         

        CLASS   CONFIG         
                config                           300000   300000        E         4

        CLASS   IDLOC          
                idloc                            200000   200000        8         5

        CLASS   EEDATA         

        CLASS   FARRAM         

        CLASS   HEAP           

        CLASS   STACK          



SEGMENTS        Name                           Load    Length   Top    Selector   Space  Class

                reset_vec                      000000  000004  000004         0       0  CODE    
                cstackBANK0                    000060  00007D  0000DD        60       1  BANK0   
                dataBANK1                      000100  000040  000140       100       1  BANK1   
                text14                         007978  000006  00797E      3CBC       0  CODE    
                text11                         00797E  000008  007986      3CBF       0  CODE    
                text4                          007986  000008  00798E      3CC3       0  CODE    
                text17                         00798E  00000E  00799C      3CC7       0  CODE    
                text16                         00799C  000018  0079B4      3CCE       0  CODE    
                text15                         0079B4  000018  0079CC      3CDA       0  CODE    
                text12                         0079CC  00001C  0079E8      3CE6       0  CODE    
                text18                         0079E8  00001E  007A06      3CF4       0  CODE    
                text1                          007A06  000028  007A2E      3D03       0  CODE    
                idataBANK0                     007A2F  00002D  007A5C      7A2F       0  CODE    
                text0                          007A5C  000030  007A8C      3D2E       0  CODE    
                text9                          007A8C  000034  007AC0      3D46       0  CODE    
                text6                          007AC0  00003A  007AFA      3D60       0  CODE    
                idataBANK1                     007AFA  000040  007B3A      7AFA       0  CODE    
                text13                         007B3A  000042  007B7C      3D9D       0  CODE    
                cinit                          007B7C  000046  007BC2      3DBE       0  CODE    
                text8                          007BC2  000054  007C16      3DE1       0  CODE    
                text2                          007C16  00006A  007C80      3E0B       0  CODE    
                text10                         007C80  00006C  007CEC      3E40       0  CODE    
                text7                          007CEC  000072  007D5E      3E76       0  CODE    
                text3                          007D5E  00009E  007DFC      3EAF       0  CODE    
                text5                          007DFC  000204  008000      3EFE       0  CODE    


UNUSED ADDRESS RANGES

        Name                Unused          Largest block    Delta
        BANK0            0000DD-0000FF               23
        BANK1            000140-0001FF               C0
        BANK2            000200-0002FF              100
        BANK3            000300-0003FF              100
        BANK4            000400-0004FF              100
        BANK5            000500-0005FF              100
        BIGRAM           000001-00005F               5F
                         0000DD-0000FF               23
                         000140-0005FF              4C0
        BIGSFR           000F60-000FFF               A0
        CODE             000004-007977             7974
                         007A2E-007A2E                1
        COMRAM           000001-00005F               5F
        CONST            000004-007977             7974
                         007A2E-007A2E                1
        EEDATA           F00000-F000FF              100
        MEDIUMCONST      000600-007977             7378
                         007A2E-007A2E                1
        RAM              0000DD-0000FF               23
                         000140-0005FF              100
        SFR              000F60-000FFF               A0
        SMALLCONST       000600-007977              100
                         007A2E-007A2E                1

                                  Symbol Table

?_strlen                     cstackBANK0  000060
_ANSEL                       (abs)        000F7E
_BAUDCONbits                 (abs)        000FB8
_PORTAbits                   (abs)        000F80
_PORTD                       (abs)        000F83
_RCIF                        (abs)        007CF5
_RCREG                       (abs)        000FAE
_RCSTAbits                   (abs)        000FAB
_SPBRG                       (abs)        000FAF
_SPBRGH                      (abs)        000FB0
_TRISA                       (abs)        000F92
_TRISB                       (abs)        000F93
_TRISCbits                   (abs)        000F94
_TRISD                       (abs)        000F95
_TXREG                       (abs)        000FAD
_TXSTAbits                   (abs)        000FAC
__HRAM                       (abs)        000000
__H__absolute__              __absolute__ 000000
__Habs1                      abs1         000000
__Hbank0                     bank0        000000
__Hbank1                     bank1        000000
__Hbank2                     bank2        000000
__Hbank3                     bank3        000000
__Hbank4                     bank4        000000
__Hbank5                     bank5        000000
__Hbigbss                    bigbss       000000
__Hbigdata                   bigdata      000000
__Hbigram                    bigram       000000
__Hbigsfr                    bigsfr       000000
__Hbss                       bss          000000
__Hcinit                     cinit        000000
__Hclrtext                   clrtext      000000
__Hcomram                    comram       000000
__Hconfig                    config       30000E
__Hconst                     const        000000
__HcstackBANK0               cstackBANK0  000000
__Hdata                      data         000000
__HdataBANK0                 dataBANK0    000000
__HdataBANK1                 dataBANK1    000000
__Heeprom_data               eeprom_data  000000
__Hfarbss                    farbss       000000
__Hfardata                   fardata      000000
__Hheap                      heap         000000
__Hibigdata                  ibigdata     000000
__Hidata                     idata        000000
__HidataBANK0                idataBANK0   000000
__HidataBANK1                idataBANK1   000000
__Hidloc                     idloc        200008
__Hifardata                  ifardata     000000
__Hinit                      init         000004
__Hintcode                   intcode      000000
__Hintcode_body              intcode_body 000000
__Hintcodelo                 intcodelo    000000
__Hintentry                  intentry     000000
__Hintret                    intret       000000
__Hintsave_regs              intsave_regs 000000
__Hirdata                    irdata       000000
__Hmediumconst               mediumconst  000000
__HnvFARRAM                  nvFARRAM     000000
__Hnvbit                     nvbit        000000
__Hnvrram                    nvrram       000000
__Hparam                     param0       000000
__Hparam0                    param0       000000
__Hpowerup                   powerup      000000
__Hram                       ram          000000
__Hramtop                    ramtop       000600
__Hrbit                      rbit         000000
__Hrbss                      rbss         000000
__Hrdata                     rdata        000000
__Hreset_vec                 reset_vec    000000
__Hsfr                       sfr          000000
__Hsmallconst                smallconst   000000
__Hspace_0                   (abs)        008000
__Hspace_1                   (abs)        000140
__Hspace_2                   (abs)        000000
__Hspace_4                   (abs)        60000E
__Hstack                     stack        000000
__Hstruct                    struct       000000
__Htemp                      temp         000000
__Htext                      text         000000
__Htext0                     text0        000000
__Htext1                     text1        000000
__Htext10                    text10       000000
__Htext11                    text11       000000
__Htext12                    text12       000000
__Htext13                    text13       000000
__Htext14                    text14       000000
__Htext15                    text15       000000
__Htext16                    text16       000000
__Htext17                    text17       000000
__Htext18                    text18       000000
__Htext2                     text2        000000
__Htext3                     text3        000000
__Htext4                     text4        000000
__Htext5                     text5        000000
__Htext6                     text6        000000
__Htext7                     text7        000000
__Htext8                     text8        000000
__Htext9                     text9        000000
__LRAM                       (abs)        000001
__L__absolute__              __absolute__ 000000
__Labs1                      abs1         000000
__Lbank0                     bank0        000000
__Lbank1                     bank1        000000
__Lbank2                     bank2        000000
__Lbank3                     bank3        000000
__Lbank4                     bank4        000000
__Lbank5                     bank5        000000
__Lbigbss                    bigbss       000000
__Lbigdata                   bigdata      000000
__Lbigram                    bigram       000000
__Lbigsfr                    bigsfr       000000
__Lbss                       bss          000000
__Lcinit                     cinit        000000
__Lclrtext                   clrtext      000000
__Lcomram                    comram       000000
__Lconfig                    config       000000
__Lconst                     const        000000
__LcstackBANK0               cstackBANK0  000000
__Ldata                      data         000000
__LdataBANK0                 dataBANK0    000000
__LdataBANK1                 dataBANK1    000000
__Leeprom_data               eeprom_data  000000
__Lfarbss                    farbss       000000
__Lfardata                   fardata      000000
__Lheap                      heap         000000
__Libigdata                  ibigdata     000000
__Lidata                     idata        000000
__LidataBANK0                idataBANK0   000000
__LidataBANK1                idataBANK1   000000
__Lidloc                     idloc        000000
__Lifardata                  ifardata     000000
__Linit                      init         000000
__Lintcode                   intcode      000000
__Lintcode_body              intcode_body 000000
__Lintcodelo                 intcodelo    000000
__Lintentry                  intentry     000000
__Lintret                    intret       000000
__Lintsave_regs              intsave_regs 000000
__Lirdata                    irdata       000000
__Lmediumconst               mediumconst  000000
__LnvFARRAM                  nvFARRAM     000000
__Lnvbit                     nvbit        000000
__Lnvrram                    nvrram       000000
__Lparam                     param0       000000
__Lparam0                    param0       000000
__Lpowerup                   powerup      000000
__Lram                       ram          000000
__Lramtop                    ramtop       000600
__Lrbit                      rbit         000000
__Lrbss                      rbss         000000
__Lrdata                     rdata        000000
__Lreset_vec                 reset_vec    000000
__Lsfr                       sfr          000000
__Lsmallconst                smallconst   000000
__Lspace_0                   (abs)        000000
__Lspace_1                   (abs)        000000
__Lspace_2                   (abs)        000000
__Lspace_4                   (abs)        000000
__Lstack                     stack        000000
__Lstruct                    struct       000000
__Ltemp                      temp         000000
__Ltext                      text         000000
__Ltext0                     text0        000000
__Ltext1                     text1        000000
__Ltext10                    text10       000000
__Ltext11                    text11       000000
__Ltext12                    text12       000000
__Ltext13                    text13       000000
__Ltext14                    text14       000000
__Ltext15                    text15       000000
__Ltext16                    text16       000000
__Ltext17                    text17       000000
__Ltext18                    text18       000000
__Ltext2                     text2        000000
__Ltext3                     text3        000000
__Ltext4                     text4        000000
__Ltext5                     text5        000000
__Ltext6                     text6        000000
__Ltext7                     text7        000000
__Ltext8                     text8        000000
__Ltext9                     text9        000000
__S0                         (abs)        008000
__S1                         (abs)        000140
__S4                         (abs)        000000
__S5                         (abs)        000000
___heap_hi                   (abs)        000000
___heap_lo                   (abs)        000000
___inthi_sp                  stack        000000
___intlo_sp                  stack        000000
___param_bank                (abs)        000000
___rparam_used               (abs)        000000
___sp                        stack        000000
__accesstop                  (abs)        000060
__activetblptr               (abs)        000003
__end_of__initialization     cinit        007BBC
__end_of_getch               text16       0079B4
__end_of_init_serie          text18       007A06
__end_of_initialisation      text17       00799C
__end_of_jouePendu           text5        008000
__end_of_kbhit               text15       0079CC
__end_of_lcd_busy            text13       007B7C
__end_of_lcd_curseurHome     text4        00798E
__end_of_lcd_ecrireDonnees   text12       0079E8
__end_of_lcd_ecritChar       text8        007C16
__end_of_lcd_gotoXY          text7        007D5E
__end_of_lcd_init            text1        007A2E
__end_of_lcd_initCGRam       text3        007DFC
__end_of_lcd_lireDonnees     text14       00797E
__end_of_lcd_resetSequence   text2        007C80
__end_of_lcd_strobeEnableBit text11       007986
__end_of_lcd_wrCom           text10       007CEC
__end_of_lcd_wrData          text9        007AC0
__end_of_main                text0        007A8C
__end_of_strlen              text6        007AFA
__initialization             cinit        007B7C
__mediumconst                mediumconst  000000
__pcinit                     cinit        007B7C
__pcstackBANK0               cstackBANK0  000060
__pdataBANK0                 dataBANK0    0000B0
__pdataBANK1                 dataBANK1    000100
__pidataBANK0                idataBANK0   007A2F
__pidataBANK1                idataBANK1   007AFA
__ptext0                     text0        007A5C
__ptext1                     text1        007A06
__ptext10                    text10       007C80
__ptext11                    text11       00797E
__ptext12                    text12       0079CC
__ptext13                    text13       007B3A
__ptext14                    text14       007978
__ptext15                    text15       0079B4
__ptext16                    text16       00799C
__ptext17                    text17       00798E
__ptext18                    text18       0079E8
__ptext2                     text2        007C16
__ptext3                     text3        007D5E
__ptext4                     text4        007986
__ptext5                     text5        007DFC
__ptext6                     text6        007AC0
__ptext7                     text7        007CEC
__ptext8                     text8        007BC2
__ptext9                     text9        007A8C
__ramtop                     ramtop       000600
__smallconst                 smallconst   000000
_getch                       text16       00799C
_init_serie                  text18       0079E8
_initialisation              text17       00798E
_jouePendu                   text5        007DFC
_kbhit                       text15       0079B4
_lcd_busy                    text13       007B3A
_lcd_curseurHome             text4        007986
_lcd_ecrireDonnees           text12       0079CC
_lcd_ecritChar               text8        007BC2
_lcd_gotoXY                  text7        007CEC
_lcd_init                    text1        007A06
_lcd_initCGRam               text3        007D5E
_lcd_lireDonnees             text14       007978
_lcd_resetSequence           text2        007C16
_lcd_strobeEnableBit         text11       00797E
_lcd_wrCom                   text10       007C80
_lcd_wrData                  text9        007A8C
_main                        text0        007A5C
_matCGRAM                    dataBANK1    000100
_strlen                      text6        007AC0
end_of_initialization        cinit        007BBC
getch@c                      cstackBANK0  000060
intlevel0                    text         000000
intlevel1                    text         000000
intlevel2                    text         000000
intlevel3                    text         000000
isa$std                      (abs)        000001
isa$xinst                    (abs)        000000
jouePendu@Lettre             cstackBANK0  000077
jouePendu@i                  cstackBANK0  000079
jouePendu@i_87               cstackBANK0  00007D
jouePendu@i_88               cstackBANK0  000081
jouePendu@i_89               cstackBANK0  00007B
jouePendu@longMess           cstackBANK0  00007F
jouePendu@mot                cstackBANK0  000065
jouePendu@toutTrouver        cstackBANK0  000078
jouePendu@trouve             cstackBANK0  000068
lcd_busy@adresse             cstackBANK0  000061
lcd_ecrireDonnees@donnee     cstackBANK0  000061
lcd_ecritChar@car            cstackBANK0  000063
lcd_ecritChar@posRam         cstackBANK0  000064
lcd_gotoXY@x                 cstackBANK0  000064
lcd_gotoXY@y                 cstackBANK0  000063
lcd_initCGRam@i              cstackBANK0  000065
lcd_initCGRam@j              cstackBANK0  000066
lcd_wrCom@commande           cstackBANK0  000062
lcd_wrData@caractere         cstackBANK0  000062
main@F2686                   dataBANK0    0000B0
main@messages                cstackBANK0  000083
stackhi                      (abs)        000000
stacklo                      (abs)        000000
start                        init         000000
start_initialization         cinit        007B7C
strlen@cp                    cstackBANK0  000062
strlen@s                     cstackBANK0  000060


MODULE INFORMATION

Module		Function		Class		Link	Load	Size
Lcd4Lignes.c
		_lcd_ecrireDonnees		CODE           	79CC	0000	28
		_lcd_busy      		CODE           	7B3A	0000	66
		_lcd_curseurHome		CODE           	7986	0000	8
		_lcd_initCGRam 		CODE           	7D5E	0000	158
		_lcd_wrData    		CODE           	7A8C	0000	52
		_lcd_resetSequence		CODE           	7C16	0000	106
		_lcd_lireDonnees		CODE           	7978	0000	6
		_lcd_gotoXY    		CODE           	7CEC	0000	114
		_lcd_wrCom     		CODE           	7C80	0000	108
		_lcd_ecritChar 		CODE           	7BC2	0000	84
		_lcd_init      		CODE           	7A06	0000	40
		_lcd_strobeEnableBit		CODE           	797E	0000	8

Lcd4Lignes.c estimated size: 778

shared
		__initialization		CODE           	7B7C	0000	64

shared estimated size: 64

serie.c
		_init_serie    		CODE           	79E8	0000	30
		_getch         		CODE           	799C	0000	24
		_kbhit         		CODE           	79B4	0000	24

serie.c estimated size: 78

C:\Program Files\Microchip\xc8\v2.41\pic\sources\c90\common\strlen.c
		_strlen        		CODE           	7AC0	0000	58

C:\Program Files\Microchip\xc8\v2.41\pic\sources\c90\common\strlen.c estimated size: 58

main.c
		_initialisation		CODE           	798E	0000	14
		_main          		CODE           	7A5C	0000	48
		_jouePendu     		CODE           	7DFC	0000	516

main.c estimated size: 578

